[valhal.la/index.html]
[valhal.la/WOFF/FreeSerif-YO4a.woff]
[valhal.la/WOFF/jackeyfont.woff]
[valhal.la/index.css]
[valhal.la/crt.css]
[valhal.la/loading.css]
[valhal.la/favicon.html]
[backblue.gif]
[fade.gif]
[index.html]
[valhal.la/images/cock.gif]
[valhal.la/index.html]
[valhal.la/index.css]
[valhal.la/desktop.html]
[valhal.la/pixel.apng]
[valhal.la/crt.css]
[valhal.la/loading.css]
[valhal.la/favicon.html]
[valhal.la/desktop.css]
[unpkg.com/98.b.delayed]
[site-assets.fontawesome.com/releases/v6.2.0/css/all.css]
[code.jquery.com/jquery-3.6.0.min.js]
[code.jquery.com/ui/1.12.1/themes/base/jquery-ui.css]
[code.jquery.com/ui/1.12.1/jquery-ui.min.js]
[valhal.la/index.js]
[valhal.la/audio.js]
[valhal.la/Members/nov.png]
[valhal.la/Members/reiko.png]
[valhal.la/Members/operator.png]
[valhal.la/Members/harmless.png]
[valhal.la/Members/convict.png]
[valhal.la/Members/hyper.png]
[valhal.la/songs/audio.mp3]
[valhal.la/songs/audio2.mp3]
[valhal.la/songs/audio3.mp3]
[valhal.la/songs/audio4.mp3]
[valhal.la/images/sound.png]
[valhal.la/desktop.html]
[valhal.la/images/girl.jpg]
[win98icons.alexmeub.com/icons/png/windows-0.png]
[valhal.la/images/mobile-girl.png]
[valhal.la/desktop.css]
[site-assets.fontawesome.com/releases/v6.2.0/css/all.css]
[code.jquery.com/ui/1.12.1/themes/base/images/ui-icons_444444_256x240.png]
[code.jquery.com/ui/1.12.1/themes/base/images/ui-icons_555555_256x240.png]
[code.jquery.com/ui/1.12.1/themes/base/images/ui-icons_ffffff_256x240.png]
[code.jquery.com/ui/1.12.1/themes/base/images/ui-icons_777620_256x240.png]
[code.jquery.com/ui/1.12.1/themes/base/images/ui-icons_cc0000_256x240.png]
[code.jquery.com/ui/1.12.1/themes/base/images/ui-icons_777777_256x240.png]
[code.jquery.com/ui/1.12.1/themes/base/jquery-ui.css]
[valhal.la/audio.js]
